// Jest Snapshot v1, https://goo.gl/fbAQLP

exports[`it modifies state appropriately 1`] = `1000`;
